data/breakfast-at-the-frat/subsets/incomplete/1111038080-2513-incomplete.csv
"WEEK_END_DATE","STORE_NUM","UPC","UNITS","VISITS","HHS","SPEND","PRICE","BASE_PRICE","FEATURE","DISPLAY","TPR_ONLY","WEEK_END_DATE_2","YEAR","MONTH","DAY_OF_MONTH","ABS_DISCOUNT","REL_DISCOUNT"
"14-01-2009",2513,1111038080,18,11,11,28.62,1.59,2.54,0,0,1,2009-01-14,2009,1,14,-0.95,-0.374015748031496
"21-01-2009",2513,1111038080,38,23,22,39.9,1.05,2.54,1,0,0,2009-01-21,2009,1,21,-1.49,-0.586614173228346
"28-01-2009",2513,1111038080,27,20,19,26.73,0.99,2.54,0,0,1,2009-01-28,2009,1,28,-1.55,-0.610236220472441
"04-02-2009",2513,1111038080,15,15,15,16.65,1.11,2.54,0,0,1,2009-02-04,2009,2,4,-1.43,-0.562992125984252
"11-02-2009",2513,1111038080,22,17,17,21.56,0.98,2.54,0,0,1,2009-02-11,2009,2,11,-1.56,-0.614173228346457
"18-02-2009",2513,1111038080,8,7,7,21.52,2.69,2.69,0,0,0,2009-02-18,2009,2,18,0,0
"25-02-2009",2513,1111038080,3,3,3,7.92,2.64,2.64,0,0,0,2009-02-25,2009,2,25,0,0
"04-03-2009",2513,1111038080,11,10,10,29.37,2.67,2.67,0,0,0,2009-03-04,2009,3,4,0,0
"11-03-2009",2513,1111038080,5,5,5,12.9,2.58,2.58,0,0,0,2009-03-11,2009,3,11,0,0
"18-03-2009",2513,1111038080,8,8,8,21.28,2.66,2.66,0,0,0,2009-03-18,2009,3,18,0,0
"25-03-2009",2513,1111038080,6,6,6,15.9,2.65,2.65,0,0,0,2009-03-25,2009,3,25,0,0
"01-04-2009",2513,1111038080,5,5,5,13.2,2.64,2.64,0,0,0,2009-04-01,2009,4,1,0,0
"08-04-2009",2513,1111038080,3,3,3,8.07,2.69,2.69,0,0,0,2009-04-08,2009,4,8,0,0
"15-04-2009",2513,1111038080,12,8,8,16.68,1.39,2.69,0,0,1,2009-04-15,2009,4,15,-1.3,-0.483271375464684
"22-04-2009",2513,1111038080,41,36,35,40.18,0.98,2.69,1,1,0,2009-04-22,2009,4,22,-1.71,-0.635687732342007
"29-04-2009",2513,1111038080,34,27,27,32.98,0.97,2.69,0,1,0,2009-04-29,2009,4,29,-1.72,-0.639405204460966
"06-05-2009",2513,1111038080,22,22,22,21.34,0.97,2.69,0,0,1,2009-05-06,2009,5,6,-1.72,-0.639405204460966
"13-05-2009",2513,1111038080,10,8,8,9.6,0.96,2.69,0,0,1,2009-05-13,2009,5,13,-1.73,-0.643122676579926
"20-05-2009",2513,1111038080,8,8,8,18.72,2.34,2.69,0,0,1,2009-05-20,2009,5,20,-0.35,-0.130111524163569
"27-05-2009",2513,1111038080,6,6,6,14.64,2.44,2.44,0,0,0,2009-05-27,2009,5,27,0,0
"03-06-2009",2513,1111038080,6,6,6,15.6,2.6,2.6,0,0,0,2009-06-03,2009,6,3,0,0
"10-06-2009",2513,1111038080,1,1,1,2.69,2.69,2.69,0,0,0,2009-06-10,2009,6,10,0,0
"17-06-2009",2513,1111038080,11,11,11,19.36,1.76,2.69,0,0,1,2009-06-17,2009,6,17,-0.93,-0.345724907063197
"24-06-2009",2513,1111038080,26,23,22,25.48,0.98,2.69,1,1,0,2009-06-24,2009,6,24,-1.71,-0.635687732342007
"01-07-2009",2513,1111038080,33,30,30,31.02,0.94,2.69,0,1,0,2009-07-01,2009,7,1,-1.75,-0.650557620817844
"08-07-2009",2513,1111038080,42,26,26,41.58,0.99,2.69,0,1,0,2009-07-08,2009,7,8,-1.7,-0.631970260223048
"15-07-2009",2513,1111038080,20,17,16,23,1.15,2.69,0,0,1,2009-07-15,2009,7,15,-1.54,-0.572490706319703
"22-07-2009",2513,1111038080,4,4,4,6.32,1.58,2.69,0,0,1,2009-07-22,2009,7,22,-1.11,-0.412639405204461
"29-07-2009",2513,1111038080,8,8,8,12.64,1.58,2.69,0,0,1,2009-07-29,2009,7,29,-1.11,-0.412639405204461
"05-08-2009",2513,1111038080,11,11,11,16.94,1.54,2.69,0,0,1,2009-08-05,2009,8,5,-1.15,-0.427509293680297
"12-08-2009",2513,1111038080,9,8,8,14.04,1.56,2.69,0,0,1,2009-08-12,2009,8,12,-1.13,-0.420074349442379
"19-08-2009",2513,1111038080,12,12,12,18.6,1.55,2.69,1,0,0,2009-08-19,2009,8,19,-1.14,-0.423791821561338
"26-08-2009",2513,1111038080,11,11,11,17.27,1.57,2.69,1,0,0,2009-08-26,2009,8,26,-1.12,-0.41635687732342
"02-09-2009",2513,1111038080,9,9,9,13.77,1.53,2.69,1,0,0,2009-09-02,2009,9,2,-1.16,-0.431226765799257
"09-09-2009",2513,1111038080,5,4,4,7.9,1.58,1.58,0,0,0,2009-09-09,2009,9,9,0,0
"16-09-2009",2513,1111038080,11,11,11,17.27,1.57,1.57,0,0,0,2009-09-16,2009,9,16,0,0
"23-09-2009",2513,1111038080,11,10,10,16.94,1.54,1.54,0,0,0,2009-09-23,2009,9,23,0,0
"30-09-2009",2513,1111038080,2,4,4,3.16,1.58,1.58,0,0,0,2009-09-30,2009,9,30,0,0
"07-10-2009",2513,1111038080,16,16,16,24.48,1.53,1.53,0,0,0,2009-10-07,2009,10,7,0,0
"14-10-2009",2513,1111038080,72,53,52,78.48,1.09,1.53,0,1,0,2009-10-14,2009,10,14,-0.44,-0.287581699346405
"21-10-2009",2513,1111038080,29,23,23,28.13,0.97,1.53,1,1,0,2009-10-21,2009,10,21,-0.56,-0.366013071895425
"28-10-2009",2513,1111038080,67,34,34,65.66,0.98,1.53,1,0,0,2009-10-28,2009,10,28,-0.55,-0.359477124183007
"04-11-2009",2513,1111038080,14,14,14,21.84,1.56,1.53,0,1,0,2009-11-04,2009,11,4,0.03,0.0196078431372549
"11-11-2009",2513,1111038080,23,21,20,35.65,1.55,1.55,0,0,0,2009-11-11,2009,11,11,0,0
"18-11-2009",2513,1111038080,8,6,6,12.48,1.56,1.56,0,0,0,2009-11-18,2009,11,18,0,0
"25-11-2009",2513,1111038080,6,6,6,9.48,1.58,1.58,0,0,0,2009-11-25,2009,11,25,0,0
"02-12-2009",2513,1111038080,17,17,16,25.16,1.48,1.48,0,0,0,2009-12-02,2009,12,2,0,0
"09-12-2009",2513,1111038080,22,16,16,21.34,0.97,1.48,0,0,1,2009-12-09,2009,12,9,-0.51,-0.344594594594595
"16-12-2009",2513,1111038080,23,15,15,24.15,1.05,1.48,0,0,1,2009-12-16,2009,12,16,-0.43,-0.290540540540541
"23-12-2009",2513,1111038080,21,17,17,20.79,0.99,1.48,0,0,1,2009-12-23,2009,12,23,-0.49,-0.331081081081081
"30-12-2009",2513,1111038080,6,6,6,5.88,0.98,1.48,0,0,1,2009-12-30,2009,12,30,-0.5,-0.337837837837838
"06-01-2010",2513,1111038080,13,10,10,19.63,1.51,1.51,0,0,0,2010-01-06,2010,1,6,0,0
"13-01-2010",2513,1111038080,16,15,15,24.8,1.55,1.51,0,1,0,2010-01-13,2010,1,13,0.04,0.0264900662251656
"20-01-2010",2513,1111038080,16,15,15,24.48,1.53,1.51,0,1,0,2010-01-20,2010,1,20,0.02,0.0132450331125828
"27-01-2010",2513,1111038080,10,10,10,15.8,1.58,1.58,0,0,0,2010-01-27,2010,1,27,0,0
"03-02-2010",2513,1111038080,11,10,9,17.27,1.57,1.57,0,0,0,2010-02-03,2010,2,3,0,0
"10-02-2010",2513,1111038080,10,10,10,15.5,1.55,1.55,0,0,0,2010-02-10,2010,2,10,0,0
"17-02-2010",2513,1111038080,6,6,6,9.18,1.53,1.53,0,0,0,2010-02-17,2010,2,17,0,0
"24-02-2010",2513,1111038080,9,9,9,13.77,1.53,1.53,0,0,0,2010-02-24,2010,2,24,0,0
"03-03-2010",2513,1111038080,11,9,9,17.38,1.58,1.58,0,0,0,2010-03-03,2010,3,3,0,0
"10-03-2010",2513,1111038080,11,9,9,16.94,1.54,1.54,0,0,0,2010-03-10,2010,3,10,0,0
"17-03-2010",2513,1111038080,7,7,7,10.71,1.53,1.53,0,0,0,2010-03-17,2010,3,17,0,0
"24-03-2010",2513,1111038080,9,9,9,13.77,1.53,1.53,0,0,0,2010-03-24,2010,3,24,0,0
"31-03-2010",2513,1111038080,9,9,9,13.86,1.54,1.54,0,0,0,2010-03-31,2010,3,31,0,0
"07-04-2010",2513,1111038080,10,10,10,15.5,1.55,1.55,0,0,0,2010-04-07,2010,4,7,0,0
"14-04-2010",2513,1111038080,6,5,5,9.18,1.53,1.53,0,0,0,2010-04-14,2010,4,14,0,0
"21-04-2010",2513,1111038080,6,6,6,8.7,1.45,1.45,0,0,0,2010-04-21,2010,4,21,0,0
"28-04-2010",2513,1111038080,39,22,22,36.66,0.94,1.45,1,0,0,2010-04-28,2010,4,28,-0.51,-0.351724137931035
"05-05-2010",2513,1111038080,27,16,16,26.19,0.97,1.45,1,1,0,2010-05-05,2010,5,5,-0.48,-0.331034482758621
"12-05-2010",2513,1111038080,12,12,12,11.76,0.98,1.45,0,1,0,2010-05-12,2010,5,12,-0.47,-0.324137931034483
"19-05-2010",2513,1111038080,10,10,10,9.7,0.97,1.45,0,1,0,2010-05-19,2010,5,19,-0.48,-0.331034482758621
"26-05-2010",2513,1111038080,7,7,7,10.71,1.53,1.53,0,0,0,2010-05-26,2010,5,26,0,0
"02-06-2010",2513,1111038080,3,3,3,4.74,1.58,1.53,0,1,0,2010-06-02,2010,6,2,0.05,0.0326797385620915
"09-06-2010",2513,1111038080,6,6,6,9.48,1.58,1.53,0,1,0,2010-06-09,2010,6,9,0.05,0.0326797385620915
"16-06-2010",2513,1111038080,11,9,7,17.05,1.55,1.53,0,1,0,2010-06-16,2010,6,16,0.02,0.0130718954248366
"23-06-2010",2513,1111038080,8,8,8,11.92,1.49,1.53,0,1,0,2010-06-23,2010,6,23,-0.04,-0.0261437908496732
"30-06-2010",2513,1111038080,10,8,8,10.3,1.03,1.53,0,1,0,2010-06-30,2010,6,30,-0.5,-0.326797385620915
"07-07-2010",2513,1111038080,19,13,13,19,1,1.53,0,0,1,2010-07-07,2010,7,7,-0.53,-0.34640522875817
"14-07-2010",2513,1111038080,11,9,9,10.34,0.94,1.53,0,1,0,2010-07-14,2010,7,14,-0.59,-0.38562091503268
"21-07-2010",2513,1111038080,15,11,11,14.7,0.98,1.53,0,1,0,2010-07-21,2010,7,21,-0.55,-0.359477124183007
"28-07-2010",2513,1111038080,18,17,17,17.28,0.96,1.53,0,1,0,2010-07-28,2010,7,28,-0.57,-0.372549019607843
"04-08-2010",2513,1111038080,14,10,10,13.86,0.99,1.53,0,1,0,2010-08-04,2010,8,4,-0.54,-0.352941176470588
"11-08-2010",2513,1111038080,10,10,10,9.7,0.97,1.53,0,1,0,2010-08-11,2010,8,11,-0.56,-0.366013071895425
"18-08-2010",2513,1111038080,8,7,7,7.92,0.99,1.53,0,1,0,2010-08-18,2010,8,18,-0.54,-0.352941176470588
"25-08-2010",2513,1111038080,13,12,12,12.87,0.99,1.53,1,1,0,2010-08-25,2010,8,25,-0.54,-0.352941176470588
"01-09-2010",2513,1111038080,12,10,10,12.24,1.02,1.53,0,1,0,2010-09-01,2010,9,1,-0.51,-0.333333333333333
"08-09-2010",2513,1111038080,20,11,11,20,1,1.53,0,1,0,2010-09-08,2010,9,8,-0.53,-0.34640522875817
"15-09-2010",2513,1111038080,15,13,13,14.7,0.98,1.53,0,1,0,2010-09-15,2010,9,15,-0.55,-0.359477124183007
"22-09-2010",2513,1111038080,7,5,5,6.72,0.96,1.53,0,0,1,2010-09-22,2010,9,22,-0.57,-0.372549019607843
"29-09-2010",2513,1111038080,4,4,4,6.16,1.54,1.54,0,0,0,2010-09-29,2010,9,29,0,0
"06-10-2010",2513,1111038080,5,5,5,7.75,1.55,1.55,0,0,0,2010-10-06,2010,10,6,0,0
"13-10-2010",2513,1111038080,5,5,5,7.6,1.52,1.52,0,0,0,2010-10-13,2010,10,13,0,0
"20-10-2010",2513,1111038080,6,6,6,9.3,1.55,1.55,0,0,0,2010-10-20,2010,10,20,0,0
"27-10-2010",2513,1111038080,1,1,1,1.58,1.58,1.58,0,0,0,2010-10-27,2010,10,27,0,0
"03-11-2010",2513,1111038080,8,7,7,12.32,1.54,1.54,0,0,0,2010-11-03,2010,11,3,0,0
"10-11-2010",2513,1111038080,3,3,3,4.74,1.58,1.58,0,0,0,2010-11-10,2010,11,10,0,0
"17-11-2010",2513,1111038080,1,1,1,1.58,1.58,1.58,0,0,0,2010-11-17,2010,11,17,0,0
"24-11-2010",2513,1111038080,2,2,2,3.16,1.58,1.58,0,0,0,2010-11-24,2010,11,24,0,0
"01-12-2010",2513,1111038080,7,6,6,9.38,1.34,1.58,0,0,1,2010-12-01,2010,12,1,-0.24,-0.151898734177215
"08-12-2010",2513,1111038080,20,10,9,21,1.05,1.58,0,0,1,2010-12-08,2010,12,8,-0.53,-0.335443037974684
"15-12-2010",2513,1111038080,6,6,6,5.88,0.98,1.58,0,0,1,2010-12-15,2010,12,15,-0.6,-0.379746835443038
"22-12-2010",2513,1111038080,5,5,5,4.9,0.98,1.58,0,0,1,2010-12-22,2010,12,22,-0.6,-0.379746835443038
"29-12-2010",2513,1111038080,2,2,2,1.9,0.95,1.58,0,0,1,2010-12-29,2010,12,29,-0.63,-0.39873417721519
"05-01-2011",2513,1111038080,4,4,4,3.88,0.97,1.58,0,0,1,2011-01-05,2011,1,5,-0.61,-0.386075949367089
"12-01-2011",2513,1111038080,5,5,5,5.5,1.1,1.1,0,0,0,2011-01-12,2011,1,12,0,0
"19-01-2011",2513,1111038080,3,3,3,4.59,1.53,1.53,0,0,0,2011-01-19,2011,1,19,0,0
"26-01-2011",2513,1111038080,4,4,4,6.32,1.58,1.58,0,0,0,2011-01-26,2011,1,26,0,0
"02-02-2011",2513,1111038080,7,7,7,10.57,1.51,1.51,0,0,0,2011-02-02,2011,2,2,0,0
"09-02-2011",2513,1111038080,3,3,3,4.74,1.58,1.58,0,0,0,2011-02-09,2011,2,9,0,0
"16-02-2011",2513,1111038080,2,2,2,3.16,1.58,1.58,0,0,0,2011-02-16,2011,2,16,0,0
"23-02-2011",2513,1111038080,4,4,4,6.16,1.54,1.54,0,0,0,2011-02-23,2011,2,23,0,0
"02-03-2011",2513,1111038080,2,2,2,3.16,1.58,1.58,0,0,0,2011-03-02,2011,3,2,0,0
"09-03-2011",2513,1111038080,5,5,5,7.9,1.58,1.58,0,0,0,2011-03-09,2011,3,9,0,0
"16-03-2011",2513,1111038080,2,2,2,3.16,1.58,1.58,0,0,0,2011-03-16,2011,3,16,0,0
"23-03-2011",2513,1111038080,8,8,8,12,1.5,1.5,0,0,0,2011-03-23,2011,3,23,0,0
"30-03-2011",2513,1111038080,5,5,5,7.75,1.55,1.55,0,0,0,2011-03-30,2011,3,30,0,0
"06-04-2011",2513,1111038080,3,3,3,4.74,1.58,1.58,0,0,0,2011-04-06,2011,4,6,0,0
"13-04-2011",2513,1111038080,10,10,10,15.2,1.52,1.52,0,0,0,2011-04-13,2011,4,13,0,0
"20-04-2011",2513,1111038080,6,5,5,9.48,1.58,1.58,0,0,0,2011-04-20,2011,4,20,0,0
"27-04-2011",2513,1111038080,7,7,7,10.43,1.49,1.49,0,0,0,2011-04-27,2011,4,27,0,0
"04-05-2011",2513,1111038080,13,9,9,12.22,0.94,1.49,1,0,0,2011-05-04,2011,5,4,-0.55,-0.369127516778524
"11-05-2011",2513,1111038080,7,6,6,6.65,0.95,1.49,0,0,1,2011-05-11,2011,5,11,-0.54,-0.36241610738255
"18-05-2011",2513,1111038080,5,4,4,4.9,0.98,1.49,0,0,1,2011-05-18,2011,5,18,-0.51,-0.342281879194631
"25-05-2011",2513,1111038080,9,8,8,9,1,1.49,0,0,1,2011-05-25,2011,5,25,-0.49,-0.328859060402685
"01-06-2011",2513,1111038080,7,6,6,10.92,1.56,1.56,0,0,0,2011-06-01,2011,6,1,0,0
"08-06-2011",2513,1111038080,3,3,3,4.74,1.58,1.58,0,0,0,2011-06-08,2011,6,8,0,0
"15-06-2011",2513,1111038080,6,6,6,9.18,1.53,1.53,0,0,0,2011-06-15,2011,6,15,0,0
"22-06-2011",2513,1111038080,4,4,4,6.32,1.58,1.58,0,0,0,2011-06-22,2011,6,22,0,0
"29-06-2011",2513,1111038080,3,3,3,4.41,1.47,1.47,0,0,0,2011-06-29,2011,6,29,0,0
"06-07-2011",2513,1111038080,4,3,3,6.16,1.54,1.54,0,0,0,2011-07-06,2011,7,6,0,0
"13-07-2011",2513,1111038080,8,8,8,12.16,1.52,1.52,0,0,0,2011-07-13,2011,7,13,0,0
"20-07-2011",2513,1111038080,5,5,5,7.9,1.58,1.58,0,0,0,2011-07-20,2011,7,20,0,0
"27-07-2011",2513,1111038080,5,5,5,7.9,1.58,1.58,0,0,0,2011-07-27,2011,7,27,0,0
"03-08-2011",2513,1111038080,14,9,8,13.16,0.94,1.58,1,0,0,2011-08-03,2011,8,3,-0.64,-0.405063291139241
"10-08-2011",2513,1111038080,17,10,10,16.66,0.98,1.58,0,0,1,2011-08-10,2011,8,10,-0.6,-0.379746835443038
"17-08-2011",2513,1111038080,7,4,4,6.72,0.96,1.58,0,0,1,2011-08-17,2011,8,17,-0.62,-0.392405063291139
"24-08-2011",2513,1111038080,15,13,13,14.55,0.97,1.58,0,0,1,2011-08-24,2011,8,24,-0.61,-0.386075949367089
"07-09-2011",2513,1111038080,10,9,9,10,1,1.58,0,0,1,2011-09-07,2011,9,7,-0.58,-0.367088607594937
"14-09-2011",2513,1111038080,12,10,10,11.52,0.96,1.58,0,0,1,2011-09-14,2011,9,14,-0.62,-0.392405063291139
"21-09-2011",2513,1111038080,6,8,8,9.18,1.53,1.53,0,0,0,2011-09-21,2011,9,21,0,0
"28-09-2011",2513,1111038080,7,7,7,10.92,1.56,1.56,0,0,0,2011-09-28,2011,9,28,0,0
"05-10-2011",2513,1111038080,5,5,5,7.6,1.52,1.52,0,0,0,2011-10-05,2011,10,5,0,0
"12-10-2011",2513,1111038080,6,6,6,9.18,1.53,1.53,0,0,0,2011-10-12,2011,10,12,0,0
"19-10-2011",2513,1111038080,8,8,8,12.32,1.54,1.54,0,0,0,2011-10-19,2011,10,19,0,0
"26-10-2011",2513,1111038080,3,3,3,4.74,1.58,1.58,0,0,0,2011-10-26,2011,10,26,0,0
"02-11-2011",2513,1111038080,4,4,4,3.72,0.93,1.58,0,0,1,2011-11-02,2011,11,2,-0.65,-0.411392405063291
"09-11-2011",2513,1111038080,2,2,2,1.98,0.99,1.58,0,0,1,2011-11-09,2011,11,9,-0.59,-0.373417721518987
"16-11-2011",2513,1111038080,4,4,4,3.88,0.97,1.58,0,0,1,2011-11-16,2011,11,16,-0.61,-0.386075949367089
"23-11-2011",2513,1111038080,3,3,3,3.09,1.03,1.58,0,0,1,2011-11-23,2011,11,23,-0.55,-0.348101265822785
"30-11-2011",2513,1111038080,14,9,8,13.72,0.98,1.58,0,0,1,2011-11-30,2011,11,30,-0.6,-0.379746835443038
"07-12-2011",2513,1111038080,9,8,8,8.46,0.94,1.58,0,0,1,2011-12-07,2011,12,7,-0.64,-0.405063291139241
"14-12-2011",2513,1111038080,9,7,7,14.04,1.56,1.56,0,0,0,2011-12-14,2011,12,14,0,0
"28-12-2011",2513,1111038080,3,3,3,4.74,1.58,1.58,0,0,0,2011-12-28,2011,12,28,0,0
"04-01-2012",2513,1111038080,2,2,2,3,1.5,1.5,0,0,0,2012-01-04,2012,1,4,0,0
